20:48:41 **** Build of configuration Debug for project freertos_examples_1_to_9 ****
make -r all 
Building target: freertos_examples_1_to_9.axf
Invoking: MCU Linker
arm-none-eabi-gcc -nostdlib -L"C:\Users\cmg-8\Documents\LPCXpresso_8.2.0_647\workspace-TP3\lpc_chip_43xx\Debug" -L"C:\Users\cmg-8\Documents\LPCXpresso_8.2.0_647\workspace-TP3\lpc_board_nxp_lpcxpresso_4337\Debug" -Xlinker -Map="freertos_examples_1_to_9.map" -Xlinker --gc-sections -mcpu=cortex-m4 -mfpu=fpv4-sp-d16 -mfloat-abi=softfp -mthumb -T "freertos_examples_1_to_9_Debug.ld" -o "freertos_examples_1_to_9.axf"  ./freertos/src/FreeRTOSCommonHooks.o ./freertos/src/croutine.o ./freertos/src/event_groups.o ./freertos/src/heap_3.o ./freertos/src/list.o ./freertos/src/port.o ./freertos/src/queue.o ./freertos/src/redlib_memfix.o ./freertos/src/tasks.o ./freertos/src/timers.o  ./example/src/cr_startup_lpc43xx.o ./example/src/freertos_examples_1_to_9.o ./example/src/sysinit.o   -llpc_board_nxp_lpcxpresso_4337 -llpc_chip_43xx
Finished building target: freertos_examples_1_to_9.axf
 
make --no-print-directory post-build
Performing post-build steps
arm-none-eabi-size "freertos_examples_1_to_9.axf"; # arm-none-eabi-objcopy -v -O binary "freertos_examples_1_to_9.axf" "freertos_examples_1_to_9.bin" ; # checksum -p LPC4337 -d "freertos_examples_1_to_9.bin";
   text	   data	    bss	    dec	    hex	filename
  21088	     20	    676	  21784	   5518	freertos_examples_1_to_9.axf
 

20:48:42 Build Finished (took 860ms)

